Running RANDOM search for model 'TinyRecUNet' -> trials=1 (requested=1, cartesian=¡Ä, continuous=True)

=== Random Run 1/1 overrides={'lr': 0.00019004375238737117, 'batch_size': 8, 'embed_dim': 256, 'num_heads': 4, 'embed_dropout': 0.06696322144464682, 'decoder_channels': '256,128,64,16', 'head_channels': 512, 'patch_grid': '14,14', 'H_cycles': 3, 'L_cycles': 2, 'L_layers': 1, 'H_layers': 1} ===
using device: cuda:0
reading train images...
preprocessing train volumes...
cropping train volumes...
padding train volumes...
resizing train volumes...
normalizing train volumes...
done creating train dataset
reading validation images...
preprocessing validation volumes...
cropping validation volumes...
padding validation volumes...
resizing validation volumes...
normalizing validation volumes...
done creating validation dataset
reading test images...
preprocessing test volumes...
cropping test volumes...
padding test volumes...
resizing test volumes...
normalizing test volumes...
done creating test dataset
